wa1b8r "bx-winansi-enc ReEncodeFont" <bx-winansi.enc <arialbd.ttf
wa1bc8r "bx-winansi-enc ReEncodeFont" <bx-winansi.enc <arialbd.ttf
wa1bi8r "bx-winansi-enc ReEncodeFont" <bx-winansi.enc <arialbi.ttf
wa1c8r "bx-winansi-enc ReEncodeFont" <bx-winansi.enc <ariblk.ttf
wa1r8r "bx-winansi-enc ReEncodeFont" <bx-winansi.enc <arial.ttf
wa1rc8r "bx-winansi-enc ReEncodeFont" <bx-winansi.enc <arial.ttf
wa1ri8r "bx-winansi-enc ReEncodeFont" <bx-winansi.enc <ariali.ttf
wcrb8r "bx-winansi-enc ReEncodeFont" <bx-winansi.enc <courbd.ttf
wcrbc8r "bx-winansi-enc ReEncodeFont" <bx-winansi.enc <courbd.ttf
wcrbi8r "bx-winansi-enc ReEncodeFont" <bx-winansi.enc <courbi.ttf
wcrr8r "bx-winansi-enc ReEncodeFont" <bx-winansi.enc <cour.ttf
wcrrc8r "bx-winansi-enc ReEncodeFont" <bx-winansi.enc <cour.ttf
wcrri8r "bx-winansi-enc ReEncodeFont" <bx-winansi.enc <couri.ttf
wicr8r "bx-winansi-enc ReEncodeFont" <bx-winansi.enc <impact.ttf
wicrc8r "bx-winansi-enc ReEncodeFont" <bx-winansi.enc <impact.ttf
wmcsb8r "bx-winansi-enc ReEncodeFont" <bx-winansi.enc <comicbd.ttf
wmcsbc8r "bx-winansi-enc ReEncodeFont" <bx-winansi.enc <comicbd.ttf
wmcsr8r "bx-winansi-enc ReEncodeFont" <bx-winansi.enc <comic.ttf
wmcsrc8r "bx-winansi-enc ReEncodeFont" <bx-winansi.enc <comic.ttf
wmsdr "bx-webdings-enc ReEncodeFont" <bx-webdings.enc <webdings.ttf
wmsmlt "bx-marlett-enc ReEncodeFont" <bx-marlett.enc <marlett.ttf
wmswdr "bx-wingding-enc ReEncodeFont" <bx-wingding.enc <wingding.ttf
wmswdr2 "bx-wingdng2-enc ReEncodeFont" <bx-wingdng2.enc <wingdng2.ttf
wmswdr3 "bx-wingdng3-enc ReEncodeFont" <bx-wingdng3.enc <wingdng3.ttf
wnsb8r "bx-winansi-enc ReEncodeFont" <bx-winansi.enc <timesbd.ttf
wnsbc8r "bx-winansi-enc ReEncodeFont" <bx-winansi.enc <timesbd.ttf
wnsbi8r "bx-winansi-enc ReEncodeFont" <bx-winansi.enc <timesbi.ttf
wnsr8r "bx-winansi-enc ReEncodeFont" <bx-winansi.enc <times.ttf
wnsrc8r "bx-winansi-enc ReEncodeFont" <bx-winansi.enc <times.ttf
wnsri8r "bx-winansi-enc ReEncodeFont" <bx-winansi.enc <timesi.ttf
wpi313 "bx-mtsorts-enc ReEncodeFont" <bx-mtsorts.enc <mtsorts.ttf
wsyr "bx-symbol-enc ReEncodeFont" <bx-symbol.enc <symbol.ttf
wsyro "bx-symbol-enc ReEncodeFont" <bx-symbol.enc <symbol.ttf
wthb8r "bx-winansi-enc ReEncodeFont" <bx-winansi.enc <tahomabd.ttf
wthbc8r "bx-winansi-enc ReEncodeFont" <bx-winansi.enc <tahomabd.ttf
wthr8r "bx-winansi-enc ReEncodeFont" <bx-winansi.enc <tahoma.ttf
wthrc8r "bx-winansi-enc ReEncodeFont" <bx-winansi.enc <tahoma.ttf
wvdb8r "bx-winansi-enc ReEncodeFont" <bx-winansi.enc <verdanab.ttf
wvdbc8r "bx-winansi-enc ReEncodeFont" <bx-winansi.enc <verdanab.ttf
wvdbi8r "bx-winansi-enc ReEncodeFont" <bx-winansi.enc <verdanaz.ttf
wvdr8r "bx-winansi-enc ReEncodeFont" <bx-winansi.enc <verdana.ttf
wvdrc8r "bx-winansi-enc ReEncodeFont" <bx-winansi.enc <verdana.ttf
wvdri8r "bx-winansi-enc ReEncodeFont" <bx-winansi.enc <verdanai.ttf
